// Jest Snapshot v1, https://goo.gl/fbAQLP

exports[`AppBar renders correctly 1`] = `
<nav
  className="navbar navbar-expand navbar-dark bg-dark"
>
  <a
    className="navbar-brand"
    href="/"
  >
    Gatling test
  </a>
  <div
    className="mr-auto navbar-nav"
    onKeyDown={[Function]}
  >
    <a
      className="nav-link"
      data-rb-event-key="/"
      href="/"
      onClick={[Function]}
      onKeyDown={[Function]}
    >
      Home
    </a>
  </div>
</nav>
`;
