// Jest Snapshot v1, https://goo.gl/fbAQLP

exports[`Stats renders correctly 1`] = `
<div
  className="stats"
>
  <canvas
    data-testid="canvas"
    height={150}
    onClick={[Function]}
    width={300}
  />
</div>
`;
